   1               		.file	"main.c"
   2               	__SREG__ = 0x3f
   3               	__SP_H__ = 0x3e
   4               	__SP_L__ = 0x3d
   5               	__CCP__  = 0x34
   6               	__tmp_reg__ = 0
   7               	__zero_reg__ = 1
  15               	.Ltext0:
  16               	.global	main
  18               	main:
  19               	.LFB6:
  20               	.LM1:
  21               	/* prologue: function */
  22               	/* frame size = 0 */
  23               	.LM2:
  24 0000 87B3      		in r24,55-32
  25 0002 8F63      		ori r24,lo8(63)
  26 0004 87BB      		out 55-32,r24
  27               	.LM3:
  28 0006 84B3      		in r24,52-32
  29 0008 8F67      		ori r24,lo8(127)
  30 000a 84BB      		out 52-32,r24
  31 000c 20E0      		ldi r18,lo8(0)
  32 000e 30E0      		ldi r19,hi8(0)
  33               	.LVL0:
  34               	.LBB13:
  35               	.LM4:
  36 0010 61E0      		ldi r22,lo8(1)
  37 0012 70E0      		ldi r23,hi8(1)
  38               	.LBB14:
  39               	.LBB15:
  40               	.LBB16:
  41               	.LBB17:
  42               	.LM5:
  43 0014 40E1      		ldi r20,lo8(10000)
  44 0016 57E2      		ldi r21,hi8(10000)
  45               	.LVL1:
  46               	.L6:
  47               	.LBE17:
  48               	.LBE16:
  49               	.LBE15:
  50               	.LBE14:
  51               	.LM6:
  52 0018 CB01      		movw r24,r22
  53               	.LVL2:
  54 001a 022E      		mov r0,r18
  55 001c 00C0      		rjmp 2f
  56 001e 880F      	1:	lsl r24
  57 0020 991F      		rol r25
  58 0022 0A94      	2:	dec r0
  59 0024 02F4      		brpl 1b
  60 0026 88BB      		out 56-32,r24
  61               	.LM7:
  62 0028 F901      		movw r30,r18
  63 002a E050      		subi r30,lo8(-(segments.1244))
  64 002c F040      		sbci r31,hi8(-(segments.1244))
  65 002e 8081      		ld r24,Z
  66 0030 85BB      		out 53-32,r24
  67               	.LBB21:
  68               	.LBB20:
  69               	.LBB19:
  70               	.LBB18:
  71               	.LM8:
  72 0032 CA01      		movw r24,r20
  73               	.LVL3:
  74               	/* #APP */
  75               	 ;  105 "c:/winavr-20100110/lib/gcc/../../avr/include/util/delay_basic.h" 1
  76 0034 0197      		1: sbiw r24,1
  77 0036 01F4      		brne 1b
  78               	 ;  0 "" 2
  79               	/* #NOAPP */
  80               	.LBE18:
  81               	.LBE19:
  82               	.LBE20:
  83               	.LBE21:
  84               	.LM9:
  85 0038 2F5F      		subi r18,lo8(-(1))
  86 003a 3F4F      		sbci r19,hi8(-(1))
  87 003c 2630      		cpi r18,6
  88 003e 3105      		cpc r19,__zero_reg__
  89 0040 04F0      		brlt .L6
  90 0042 20E0      		ldi r18,lo8(0)
  91 0044 30E0      		ldi r19,hi8(0)
  92 0046 00C0      		rjmp .L6
  93               	.LBE13:
  94               	.LFE6:
  96               		.data
  99               	segments.1244:
 100 0000 3F        		.byte	63
 101 0001 06        		.byte	6
 102 0002 5B        		.byte	91
 103 0003 4F        		.byte	79
 104 0004 66        		.byte	102
 105 0005 6D        		.byte	109
 106 0006 7D        		.byte	125
 107 0007 07        		.byte	7
 108 0008 7F        		.byte	127
 109 0009 6F        		.byte	111
 134               	.Letext0:
DEFINED SYMBOLS
                            *ABS*:00000000 main.c
C:\Users\Grzegorz\AppData\Local\Temp/ccT4dsuB.s:2      *ABS*:0000003f __SREG__
C:\Users\Grzegorz\AppData\Local\Temp/ccT4dsuB.s:3      *ABS*:0000003e __SP_H__
C:\Users\Grzegorz\AppData\Local\Temp/ccT4dsuB.s:4      *ABS*:0000003d __SP_L__
C:\Users\Grzegorz\AppData\Local\Temp/ccT4dsuB.s:5      *ABS*:00000034 __CCP__
C:\Users\Grzegorz\AppData\Local\Temp/ccT4dsuB.s:6      *ABS*:00000000 __tmp_reg__
C:\Users\Grzegorz\AppData\Local\Temp/ccT4dsuB.s:7      *ABS*:00000001 __zero_reg__
C:\Users\Grzegorz\AppData\Local\Temp/ccT4dsuB.s:18     .text:00000000 main
C:\Users\Grzegorz\AppData\Local\Temp/ccT4dsuB.s:99     .data:00000000 segments.1244

UNDEFINED SYMBOLS
__do_copy_data
